// Jest Snapshot v1, https://goo.gl/fbAQLP

exports[`[UNIT] issue/IssueOrigin defines issue origin enum 1`] = `
Object {
  "ESLINT": "eslint",
  "INTERNAL": "internal",
  "TYPESCRIPT": "typescript",
}
`;
