// Jest Snapshot v1, https://goo.gl/fbAQLP

exports[`[UNIT] issue/IssueSeverity defines issue severity enum 1`] = `
Object {
  "ERROR": "error",
  "WARNING": "warning",
}
`;
